// Jest Snapshot v1, https://goo.gl/fbAQLP

exports[`renders learn react link 1`] = `
<div
  class="App"
>
  <header
    class="App-header"
  >
    Zero Based Budgeting App
    <nav>
      <ul>
        <li>
          <a
            href="/January"
          >
            January
          </a>
        </li>
        <li>
          <a
            href="/Febuary"
          >
            Febuary
          </a>
        </li>
        <li>
          <a
            href="/March"
          >
            March
          </a>
        </li>
        <li>
          <a
            href="/April"
          >
            April
          </a>
        </li>
        <li>
          <a
            href="/May"
          >
            May
          </a>
        </li>
        <li>
          <a
            href="/June"
          >
            June
          </a>
        </li>
        <li>
          <a
            href="/July"
          >
            July
          </a>
        </li>
        <li>
          <a
            href="/August"
          >
            August
          </a>
        </li>
        <li>
          <a
            href="/September"
          >
            September
          </a>
        </li>
        <li>
          <a
            href="/October"
          >
            October
          </a>
        </li>
        <li>
          <a
            href="/November"
          >
            November
          </a>
        </li>
        <li>
          <a
            href="/December"
          >
            December
          </a>
        </li>
      </ul>
    </nav>
  </header>
  <main />
  <aside>
    <nav>
      <ul>
        <li>
          <a
            href="/Budget"
          >
            Budget
          </a>
        </li>
        <li>
          <a
            href="/insights"
          >
            Insights
          </a>
        </li>
        <li>
          <a
            href="/settings"
          >
            Settings
          </a>
        </li>
      </ul>
    </nav>
  </aside>
  <footer
    class="App-footer"
  >
    Budget Footer
  </footer>
</div>
`;
