// Jest Snapshot v1, https://goo.gl/fbAQLP

exports[`renders learn react link 1`] = `
<div
  class="App"
>
  <header
    class="App-header"
  >
    <nav
      class="menu"
    >
      <h1>
        Every Pound (£)
      </h1>
      <div
        class="user-profile-container"
      >
        <svg
          aria-labelledby="svg-inline--fa-title-U6RXVYgwARdJ"
          class="svg-inline--fa fa-circle-user fa-1x "
          data-icon="circle-user"
          data-prefix="far"
          role="img"
          viewBox="0 0 512 512"
          xmlns="http://www.w3.org/2000/svg"
        >
          <title
            id="svg-inline--fa-title-U6RXVYgwARdJ"
          >
            user profile image
          </title>
          <path
            d="M406.5 399.6C387.4 352.9 341.5 320 288 320H224c-53.5 0-99.4 32.9-118.5 79.6C69.9 362.2 48 311.7 48 256C48 141.1 141.1 48 256 48s208 93.1 208 208c0 55.7-21.9 106.2-57.5 143.6zm-40.1 32.7C334.4 452.4 296.6 464 256 464s-78.4-11.6-110.5-31.7c7.3-36.7 39.7-64.3 78.5-64.3h64c38.8 0 71.2 27.6 78.5 64.3zM256 512A256 256 0 1 0 256 0a256 256 0 1 0 0 512zm0-272a40 40 0 1 1 0-80 40 40 0 1 1 0 80zm-88-40a88 88 0 1 0 176 0 88 88 0 1 0 -176 0z"
            fill="currentColor"
          />
        </svg>
      </div>
      <div
        class="budget-summary-container"
      >
        <svg
          aria-labelledby="svg-inline--fa-title-JRRDuUHur754"
          class="svg-inline--fa fa-chart-pie fa-1x "
          data-icon="chart-pie"
          data-prefix="fas"
          role="img"
          viewBox="0 0 576 512"
          xmlns="http://www.w3.org/2000/svg"
        >
          <title
            id="svg-inline--fa-title-JRRDuUHur754"
          >
            budget summary
          </title>
          <path
            d="M304 240V16.6c0-9 7-16.6 16-16.6C443.7 0 544 100.3 544 224c0 9-7.6 16-16.6 16H304zM32 272C32 150.7 122.1 50.3 239 34.3c9.2-1.3 17 6.1 17 15.4V288L412.5 444.5c6.7 6.7 6.2 17.7-1.5 23.1C371.8 495.6 323.8 512 272 512C139.5 512 32 404.6 32 272zm526.4 16c9.3 0 16.6 7.8 15.4 17c-7.7 55.9-34.6 105.6-73.9 142.3c-6 5.6-15.4 5.2-21.2-.7L320 288H558.4z"
            fill="currentColor"
          />
        </svg>
      </div>
      <div
        class="budget-search-container"
      >
        <svg
          aria-labelledby="svg-inline--fa-title-uB6J87yqsF4u"
          class="svg-inline--fa fa-magnifying-glass fa-1x "
          data-icon="magnifying-glass"
          data-prefix="fas"
          role="img"
          viewBox="0 0 512 512"
          xmlns="http://www.w3.org/2000/svg"
        >
          <title
            id="svg-inline--fa-title-uB6J87yqsF4u"
          >
            budget search
          </title>
          <path
            d="M416 208c0 45.9-14.9 88.3-40 122.7L502.6 457.4c12.5 12.5 12.5 32.8 0 45.3s-32.8 12.5-45.3 0L330.7 376c-34.4 25.2-76.8 40-122.7 40C93.1 416 0 322.9 0 208S93.1 0 208 0S416 93.1 416 208zM208 352a144 144 0 1 0 0-288 144 144 0 1 0 0 288z"
            fill="currentColor"
          />
        </svg>
      </div>
    </nav>
    <hr
      class="divider"
    />
  </header>
  <main
    class="App-main"
  />
  <footer
    class="App-footer"
  >
    <hr />
    <p>
      © 
      2025
    </p>
  </footer>
</div>
`;
