// Jest Snapshot v1, https://goo.gl/fbAQLP

exports[`renders learn react link 1`] = `
<div
  class="App"
>
  <header
    class="App-header"
  >
    <nav
      class="menu"
    >
      <h1>
        Every Pound (£)
      </h1>
      <div
        class="user-profile-container"
      >
        <svg
          title="user profile image"
        >
          <title>
            user profile image
          </title>
          <path
            d=""
          />
        </svg>
      </div>
      <div
        class="budget-summary-container"
      >
        <svg
          title="budget summary"
        >
          <title>
            budget summary
          </title>
          <path
            d=""
          />
        </svg>
      </div>
      <div
        class="budget-search-container"
      >
        <svg
          title="budget search"
        >
          <title>
            budget search
          </title>
          <path
            d=""
          />
        </svg>
      </div>
    </nav>
    <hr
      class="divider"
    />
  </header>
  <main
    class="App-main"
  />
  <footer
    class="App-footer"
  >
    <hr />
    <p>
      © 
      2025
    </p>
  </footer>
</div>
`;
